// Jest Snapshot v1, https://goo.gl/fbAQLP

exports[`InstrumentView renders the InstrumentView component 1`] = `[Function]`;
