// Jest Snapshot v1, https://goo.gl/fbAQLP

exports[`Join renders the Join component 1`] = `[Function]`;
