// Jest Snapshot v1, https://goo.gl/fbAQLP

exports[`Login renders the Login component 1`] = `[Function]`;
