// Jest Snapshot v1, https://goo.gl/fbAQLP

exports[`ProtectedRoute renders the ProtectedRoute component 1`] = `[Function]`;
